
Allocating common symbols
Common symbol       size              file

x                   0x190             main.o

Memory Configuration

Name             Origin             Length             Attributes
flash            0x08000000         0x00020000         xr
sram             0x20000000         0x00005000         xrw
*default*        0x00000000         0xffffffff

Linker script and memory map


.text           0x08000000      0x180
 *(.vectors*)
 .vectors       0x08000000       0x1c startup.o
                0x08000000                vectors
 *(.text*)
 .text          0x0800001c       0xa8 main.o
                0x0800001c                main
 .text          0x080000c4       0xbc startup.o
                0x080000c4                Bus_fault
                0x080000c4                MM_fault_Handler
                0x080000c4                Usage_fault_Handler
                0x080000c4                Default_Handler
                0x080000c4                H_fault_Handler
                0x080000c4                NMI_Handler
                0x080000d0                Rest_Handler
 *(.rodata*)
                0x08000180                _E_TEXT = .

.glue_7         0x08000180        0x0
 .glue_7        0x00000000        0x0 linker stubs

.glue_7t        0x08000180        0x0
 .glue_7t       0x00000000        0x0 linker stubs

.vfp11_veneer   0x08000180        0x0
 .vfp11_veneer  0x00000000        0x0 linker stubs

.v4_bx          0x08000180        0x0
 .v4_bx         0x00000000        0x0 linker stubs

.iplt           0x08000180        0x0
 .iplt          0x00000000        0x0 main.o

.rel.dyn        0x08000180        0x0
 .rel.iplt      0x00000000        0x0 main.o

.data           0x20000000       0x14 load address 0x08000180
                0x20000000                _S_DATA = .
 *(.data*)
 .data          0x20000000       0x14 main.o
                0x20000000                name
                0x20000010                R_ODR
 .data          0x20000014        0x0 startup.o
                0x20000014                . = ALIGN (0x4)
                0x20000014                _E_DATA = .

.igot.plt       0x20000014        0x0 load address 0x08000194
 .igot.plt      0x00000000        0x0 main.o

.bss            0x20000014     0x1190 load address 0x08000194
                0x20000014                _S_BSS = .
 *(.bss*)
 .bss           0x20000014        0x0 main.o
 .bss           0x20000014        0x0 startup.o
                0x20000014                _E_BSS = .
                0x20000014                . = ALIGN (0x4)
                0x20001014                . = (. + 0x1000)
 *fill*         0x20000014     0x1000 
                0x20001014                stack_top = .
 COMMON         0x20001014      0x190 main.o
                0x20001014                x
LOAD main.o
LOAD startup.o
OUTPUT(learn_in_depth_cortex_m3.elf elf32-littlearm)

.debug_info     0x00000000      0x313
 .debug_info    0x00000000      0x186 main.o
 .debug_info    0x00000186      0x18d startup.o

.debug_abbrev   0x00000000      0x1d5
 .debug_abbrev  0x00000000       0xfd main.o
 .debug_abbrev  0x000000fd       0xd8 startup.o

.debug_loc      0x00000000       0x9c
 .debug_loc     0x00000000       0x38 main.o
 .debug_loc     0x00000038       0x64 startup.o

.debug_aranges  0x00000000       0x40
 .debug_aranges
                0x00000000       0x20 main.o
 .debug_aranges
                0x00000020       0x20 startup.o

.debug_line     0x00000000      0x149
 .debug_line    0x00000000       0x9b main.o
 .debug_line    0x0000009b       0xae startup.o

.debug_str      0x00000000      0x172
 .debug_str     0x00000000       0xf4 main.o
                                0x12d (size before relaxing)
 .debug_str     0x000000f4       0x7e startup.o
                                0x174 (size before relaxing)

.comment        0x00000000       0x11
 .comment       0x00000000       0x11 main.o
                                 0x12 (size before relaxing)
 .comment       0x00000000       0x12 startup.o

.ARM.attributes
                0x00000000       0x33
 .ARM.attributes
                0x00000000       0x33 main.o
 .ARM.attributes
                0x00000033       0x33 startup.o

.debug_frame    0x00000000       0x78
 .debug_frame   0x00000000       0x2c main.o
 .debug_frame   0x0000002c       0x4c startup.o
