10:22:10 **** Incremental Build of configuration Debug for project LAB_2 ****
make -j20 all 
arm-none-eabi-gcc -gdwarf-2 -mcpu=cortex-m3 -g3 -c -x assembler-with-cpp -MMD -MP -MF"Startup/startup_stm32f103c6tx.d" -MT"Startup/startup_stm32f103c6tx.o" --specs=nano.specs -mfloat-abi=soft -mthumb -o "Startup/startup_stm32f103c6tx.o" "../Startup/startup_stm32f103c6tx.s"
arm-none-eabi-gcc -gdwarf-2 -o "LAB_2.elf" @"objects.list"   -mcpu=cortex-m3 -T"C:\Users\Abdullah Mohamed\OneDrive\Desktop\Mastering-Embedded-Systems\unit_6_Micro_controller_Arch\lesson_4_INTERRUPTS\LAB_2\LAB_2\STM32F103C6TX_FLASH.ld" --specs=nosys.specs -Wl,-Map="LAB_2.map" -Wl,--gc-sections -static --specs=nano.specs -mfloat-abi=soft -mthumb -Wl,--start-group -lc -lm -Wl,--end-group
Finished building target: LAB_2.elf
 
arm-none-eabi-objdump -h -S  LAB_2.elf  > "LAB_2.list"
arm-none-eabi-objcopy  -O binary  LAB_2.elf  "LAB_2.bin"
arm-none-eabi-size   LAB_2.elf 
arm-none-eabi-objcopy  -O ihex  LAB_2.elf  "LAB_2.hex"
   text	   data	    bss	    dec	    hex	filename
    780	      8	   1568	   2356	    934	LAB_2.elf
Finished building: default.size.stdout
 
Finished building: LAB_2.bin
Finished building: LAB_2.hex
Finished building: LAB_2.list
 
 
 

10:22:10 Build Finished. 0 errors, 0 warnings. (took 342ms)

