14:11:42 **** Build of configuration Debug for project toggel_led ****
make -j16 all 
arm-none-eabi-gcc -mcpu=cortex-m3 -g3 -c -x assembler-with-cpp -MMD -MP -MF"Startup/startup_stm32f103c6tx.d" -MT"Startup/startup_stm32f103c6tx.o" --specs=nano.specs -mfloat-abi=soft -mthumb -o "Startup/startup_stm32f103c6tx.o" "../Startup/startup_stm32f103c6tx.s"
arm-none-eabi-gcc "../Src/main.c" -mcpu=cortex-m3 -std=gnu11 -g3 -DSTM32 -DSTM32F1 -DSTM32F103C6Tx -DDEBUG -c -I../Inc -O0 -ffunction-sections -fdata-sections -Wall -fstack-usage -MMD -MP -MF"Src/main.d" -MT"Src/main.o" --specs=nano.specs -mfloat-abi=soft -mthumb -o "Src/main.o"
arm-none-eabi-gcc "../Src/syscalls.c" -mcpu=cortex-m3 -std=gnu11 -g3 -DSTM32 -DSTM32F1 -DSTM32F103C6Tx -DDEBUG -c -I../Inc -O0 -ffunction-sections -fdata-sections -Wall -fstack-usage -MMD -MP -MF"Src/syscalls.d" -MT"Src/syscalls.o" --specs=nano.specs -mfloat-abi=soft -mthumb -o "Src/syscalls.o"
arm-none-eabi-gcc "../Src/sysmem.c" -mcpu=cortex-m3 -std=gnu11 -g3 -DSTM32 -DSTM32F1 -DSTM32F103C6Tx -DDEBUG -c -I../Inc -O0 -ffunction-sections -fdata-sections -Wall -fstack-usage -MMD -MP -MF"Src/sysmem.d" -MT"Src/sysmem.o" --specs=nano.specs -mfloat-abi=soft -mthumb -o "Src/sysmem.o"
../Src/main.c:20:10: fatal error: platform_types.h: No such file or directory
 #include <platform_types.h>
          ^~~~~~~~~~~~~~~~~~
compilation terminated.
make: *** [Src/subdir.mk:24: Src/main.o] Error 1
make: *** Waiting for unfinished jobs....
"make -j16 all" terminated with exit code 2. Build might be incomplete.
14:12:32 **** Incremental Build of configuration Debug for project toggel_led ****
make -j16 all 
arm-none-eabi-gcc "../Src/main.c" -mcpu=cortex-m3 -std=gnu11 -g3 -DSTM32 -DSTM32F1 -DSTM32F103C6Tx -DDEBUG -c -I../Inc -O0 -ffunction-sections -fdata-sections -Wall -fstack-usage -MMD -MP -MF"Src/main.d" -MT"Src/main.o" --specs=nano.specs -mfloat-abi=soft -mthumb -o "Src/main.o"
arm-none-eabi-gcc -o "toggel_led.elf" @"objects.list"   -mcpu=cortex-m3 -T"C:\Users\Abdallah Mohamed\OneDrive - Faculty of Engineering Ain Shams University\Desktop\Mastering-Embedded-Systems\unit_3_Embedded_C\toggel_led\STM32F103C6TX_FLASH.ld" --specs=nosys.specs -Wl,-Map="toggel_led.map" -Wl,--gc-sections -static --specs=nano.specs -mfloat-abi=soft -mthumb -Wl,--start-group -lc -lm -Wl,--end-group
Finished building target: toggel_led.elf
 
arm-none-eabi-size   toggel_led.elf 
arm-none-eabi-objdump -h -S  toggel_led.elf  > "toggel_led.list"
arm-none-eabi-objcopy  -O ihex  toggel_led.elf  "toggel_led.hex"
arm-none-eabi-objcopy  -O binary  toggel_led.elf  "toggel_led.bin"
   text	   data	    bss	    dec	    hex	filename
    672	      8	   1568	   2248	    8c8	toggel_led.elf
Finished building: default.size.stdout
 
Finished building: toggel_led.hex
Finished building: toggel_led.bin
Finished building: toggel_led.list
 
 
 
14:15:03 **** Incremental Build of configuration Debug for project toggel_led ****
make -j16 all 
arm-none-eabi-size   toggel_led.elf 
   text	   data	    bss	    dec	    hex	filename
    672	      8	   1568	   2248	    8c8	toggel_led.elf
Finished building: default.size.stdout
 
14:15:09 **** Incremental Build of configuration Debug for project toggel_led ****
make -j16 all 
arm-none-eabi-size   toggel_led.elf 
   text	   data	    bss	    dec	    hex	filename
    672	      8	   1568	   2248	    8c8	toggel_led.elf
Finished building: default.size.stdout
 
