21:02:57 **** Build of configuration Debug for project lab2 ****
make -j20 all 
arm-none-eabi-gcc -mcpu=cortex-m3 -g3 -c -x assembler-with-cpp -MMD -MP -MF"Startup/startup_stm32f103c6tx.d" -MT"Startup/startup_stm32f103c6tx.o" --specs=nano.specs -mfloat-abi=soft -mthumb -o "Startup/startup_stm32f103c6tx.o" "../Startup/startup_stm32f103c6tx.s"
arm-none-eabi-gcc "../Src/main.c" -mcpu=cortex-m3 -std=gnu11 -g3 -DSTM32 -DSTM32F1 -DSTM32F103C6Tx -DDEBUG -c -I../Inc -O0 -ffunction-sections -fdata-sections -Wall -fstack-usage -MMD -MP -MF"Src/main.d" -MT"Src/main.o" --specs=nano.specs -mfloat-abi=soft -mthumb -o "Src/main.o"
arm-none-eabi-gcc "../Src/syscalls.c" -mcpu=cortex-m3 -std=gnu11 -g3 -DSTM32 -DSTM32F1 -DSTM32F103C6Tx -DDEBUG -c -I../Inc -O0 -ffunction-sections -fdata-sections -Wall -fstack-usage -MMD -MP -MF"Src/syscalls.d" -MT"Src/syscalls.o" --specs=nano.specs -mfloat-abi=soft -mthumb -o "Src/syscalls.o"
arm-none-eabi-gcc "../Src/sysmem.c" -mcpu=cortex-m3 -std=gnu11 -g3 -DSTM32 -DSTM32F1 -DSTM32F103C6Tx -DDEBUG -c -I../Inc -O0 -ffunction-sections -fdata-sections -Wall -fstack-usage -MMD -MP -MF"Src/sysmem.d" -MT"Src/sysmem.o" --specs=nano.specs -mfloat-abi=soft -mthumb -o "Src/sysmem.o"
arm-none-eabi-gcc -o "lab2.elf" @"objects.list"   -mcpu=cortex-m3 -T"C:\Users\Abdullah Mohamed\OneDrive\Desktop\Mastering-Embedded-Systems\unit_6_Micro_controller_Arch\lesson_3_MCU_Clocks\lab2\STM32F103C6TX_FLASH.ld" --specs=nosys.specs -Wl,-Map="lab2.map" -Wl,--gc-sections -static --specs=nano.specs -mfloat-abi=soft -mthumb -Wl,--start-group -lc -lm -Wl,--end-group
Finished building target: lab2.elf
 
arm-none-eabi-size   lab2.elf 
arm-none-eabi-objdump -h -S  lab2.elf  > "lab2.list"
arm-none-eabi-objcopy  -O binary  lab2.elf  "lab2.bin"
   text	   data	    bss	    dec	    hex	filename
    700	      8	   1568	   2276	    8e4	lab2.elf
Finished building: default.size.stdout
 
Finished building: lab2.bin
Finished building: lab2.list
 
 

21:02:57 Build Finished. 0 errors, 0 warnings. (took 405ms)

